{"data":{"id":"9fa39380-e8ff-48c9-8b67-fa6e8e5af14b","type":"categories","attributes":{"name":"test name","description":"test description"},"relationships":{"parent":{"data":{"type":"categories","id":"9fa39380-e73e-4b19-8c92-81e48fb711b4"}}}},"included":[{"id":"9fa39380-e73e-4b19-8c92-81e48fb711b4","type":"categories","attributes":{"name":"test parent name","description":"test parent description"},"relationships":{"media":{"data":[{"type":"media","id":"9fa39380-e8f3-48b7-8988-211e54c20c5a"}]}}},{"id":"9fa39380-e8f3-48b7-8988-211e54c20c5a","type":"media","attributes":{"collection_name":"image","file_name":"1-800x600.jpg","custom_properties":[],"generated_conversions":{"list":"http:\/\/test-app\/storage\/media\/1\/conversions\/1-800x600-list.jpg","thumb":"http:\/\/test-app\/storage\/media\/1\/conversions\/1-800x600-thumb.jpg"},"type":"image"}}]}