{"data":{"id":"9fa39380-e8ff-48c9-8b67-fa6e8e5af14b","type":"products","attributes":{"parent_sku":"sku sample","name":"Samsung Galaxy S21","description":"sample description","status":"in_stock"},"relationships":{"brand":{"data":{"type":"brands","id":"9fa39380-e73e-4b19-8c92-81e48fb711b4"}}}},"included":[{"id":"9fa39380-e73e-4b19-8c92-81e48fb711b4","type":"brands","attributes":{"name":"test brand"}}]}